<?xml version="1.0" encoding="utf-8"?><testsuite errors="0" failures="0" name="pytest" skips="0" tests="12" time="2.953"><testcase classname="testing.tests.test_artifact.TestArtifact" file="testing/tests/test_artifact.py" line="32" name="test_artifacts_all" time="0.14792132377624512"></testcase><testcase classname="testing.tests.test_artifact.TestArtifact" file="testing/tests/test_artifact.py" line="36" name="test_artifacts_new_bogus_empty" time="0.13043880462646484"></testcase><testcase classname="testing.tests.test_artifact.TestArtifact" file="testing/tests/test_artifact.py" line="48" name="test_artifacts_new_bogus_data" time="0.1339411735534668"></testcase><testcase classname="testing.tests.test_artifact.TestArtifact" file="testing/tests/test_artifact.py" line="60" name="test_artifacts_valid" time="0.17171669006347656"></testcase><testcase classname="testing.tests.test_artifact.TestArtifact" file="testing/tests/test_artifact.py" line="129" name="test_single_artifact" time="0.1275196075439453"></testcase><testcase classname="testing.tests.test_deployment.TestDeployment" file="testing/tests/test_deployment.py" line="41" name="test_deployments_get" time="0.1312086582183838"></testcase><testcase classname="testing.tests.test_deployment.TestDeployment" file="testing/tests/test_deployment.py" line="54" name="test_deployments_new_bogus" time="0.14283418655395508"></testcase><testcase classname="testing.tests.test_deployment.TestDeployment" file="testing/tests/test_deployment.py" line="81" name="test_deployments_new_valid" time="0.5076172351837158"></testcase><testcase classname="testing.tests.test_deployment.TestDeployment" file="testing/tests/test_deployment.py" line="158" name="test_deployments_new_no_artifact" time="0.14247727394104004"></testcase><testcase classname="testing.tests.test_deployment.TestDeployment" file="testing/tests/test_deployment.py" line="190" name="test_device_deployments_simple" time="0.3392918109893799"></testcase><testcase classname="testing.tests.test_deployment.TestDeployment" file="testing/tests/test_deployment.py" line="258" name="test_device_deployments_full" time="0.3957977294921875"></testcase><testcase classname="testing.tests.test_deployment.TestDeployment" file="testing/tests/test_deployment.py" line="354" name="test_device_deployments_logs" time="0.37441420555114746"></testcase></testsuite>